cargo : warning: output
 filename collision at 
C:\Users\HP\Desktop\Opa
l\opal\target\debug\dep
s\opal.pdb
At line:1 char:1
+ cargo build > build_o
utput.log 2>&1
+ ~~~~~~~~~~~~~~~~~~~~~
~~~~~~~~~~~~~~
    + CategoryInfo     
         : NotSpecifi  
  ed: (warning: outp   
 ut...g\deps\opal.p    
db:String) [], Rem    o
teException
    + FullyQualifiedEr 
   rorId : NativeComm  
  andError
 
  |
  = note: the bin targe
t `opal` in package `op
al v0.1.0 (C:\Users\HP\
Desktop\Opal\opal)` has
 the same output filena
me as the lib target `o
pal` in package `opal v
0.1.0 (C:\Users\HP\Desk
top\Opal\opal)`
  = note: this may beco
me a hard error in the 
future; see <https://gi
thub.com/rust-lang/carg
o/issues/6313>
  = help: consider chan
ging their names to be 
unique or compiling the
m separately
warning: output filenam
e collision at C:\Users
\HP\Desktop\Opal\opal\t
arget\debug\opal.pdb
  |
  = note: the bin targe
t `opal` in package `op
al v0.1.0 (C:\Users\HP\
Desktop\Opal\opal)` has
 the same output filena
me as the lib target `o
pal` in package `opal v
0.1.0 (C:\Users\HP\Desk
top\Opal\opal)`
  = note: this may beco
me a hard error in the 
future; see <https://gi
thub.com/rust-lang/carg
o/issues/6313>
  = help: consider chan
ging their names to be 
unique or compiling the
m separately
   Compiling opal v0.1.
0 (C:\Users\HP\Desktop\
Opal\opal)
warning: struct `OpalSc
heduler` is never const
ructed
 --> src\engine\schedul
er.rs:1:12
  |
1 | pub struct OpalSche
duler {
  |            ^^^^^^^^
^^^^^
  |
  = note: `#[warn(dead_
code)]` (part of `#[war
n(unused)]`) on by defa
ult

warning: associated fun
ction `new` is never us
ed
 --> src\engine\schedul
er.rs:6:12
  |
5 | impl OpalScheduler 
{
  | ------------------ 
associated function in 
this implementation
6 |     pub fn new() ->
 Self {
  |            ^^^

warning: `opal` (bin "o
pal") generated 2 warni
ngs
    Finished `dev` prof
ile [unoptimized + debu
ginfo] target(s) in 2.2
0s
